// Jest Snapshot v1, https://goo.gl/fbAQLP

exports[`Board that it matches the existing snapshot 1`] = `
<DocumentFragment>
  <section>
    <section
      class="new-card-form"
    >
      <h2
        class="new-card-form__header"
      >
         Add A New Card
      </h2>
      <form
        class="new-card-form__form"
        name="new-card-form"
      >
        <label
          class="new-card-form__form-label"
          for="text"
        >
          Text:
        </label>
        <input
          class="new-card-form__form new-card-form__form-textarea"
          name="text"
          placeholder="You are amazing :)"
          value=""
        />
        <label
          class="new-card-form__form-label"
          for="emoji"
        >
           Emoji:
        </label>
        <select
          class="new-card-form__form new-card-form__form-select"
          name="emoji"
        >
          <option
            value=""
          />
          <option
            value="heart_eyes"
          >
            😍
          </option>
          <option
            value="beer"
          >
            🍺
          </option>
          <option
            value="clap"
          >
            👏
          </option>
          <option
            value="sparkling_heart"
          >
            💖
          </option>
          <option
            value="heart_eyes_cat"
          >
            😻
          </option>
          <option
            value="dog"
          >
            🐶
          </option>
        </select>
        <input
          class="new-card-form__form-button"
          type="submit"
          value="submit"
        />
      </form>
    </section>
    ;
    <h1
      class="header__h1"
    >
       Emily-Ball Board 
    </h1>
    <div
      class="board"
    />
  </section>
</DocumentFragment>
`;
