// Jest Snapshot v1, https://goo.gl/fbAQLP

exports[`Board that it matches the existing snapshot 1`] = `
<DocumentFragment>
  <div>
    <h1>
      Board
    </h1>
    <h1 />
    <form
      class="new-card-form"
    >
      <h3>
        Add a card
      </h3>
      <div>
        <label
          class="new-card-form--label"
          for="text"
        >
          Text: 
        </label>
        <input
          id="text"
          name="text"
          value=""
        />
      </div>
      <div>
        <label
          class="new-card-form--label"
          for="emoji"
        >
          Emoji: 
        </label>
        <select
          id="emoji"
          name="emoji"
        >
          <option
            value=""
          />
          <option
            value=""
          />
          <option
            value="heart_eyes"
          >
            😍
          </option>
          <option
            value="beer"
          >
            🍺
          </option>
          <option
            value="clap"
          >
            👏
          </option>
          <option
            value="sparkling_heart"
          >
            💖
          </option>
          <option
            value="heart_eyes_cat"
          >
            😻
          </option>
          <option
            value="dog"
          >
            🐶
          </option>
        </select>
      </div>
      <input
        class="btn btn-success new-card-form--submit"
        name="submit"
        type="submit"
        value="Add a Card"
      />
    </form>
  </div>
</DocumentFragment>
`;
